9gag.com/u/
facebook.com/
linkedin.com/in/
etsy.com/uk/shop/
discussions.apple.com/profile/
youtube.com/c/
reddit.com/user/
instagram.com/
chaturbate.com/
bongacams.com/profile/
vk.com/
aparat.com/
tiktok.com/@
deviantart.com/
wattpad.com/user/
tube.midov.pl/video-channels/
soundcloud.com/
myspace.com/
patreon.com/
crunchyroll.com/user/
myanimelist.net/profile/
keybase.io/
kongregate.com/accounts/
ok.ru/
pixabay.com/en/users/
producthunt.com/@
pastebin.com/u/
leetcode.com/
medium.com/@
ws2.kik.com/user/
producthunt.com/@
api.kano.me/progress/user/
namemc.com/profile/
pokemonshowdown.com/users/
pinterest.com/
mstdn.io/@
about.me/
sourceforge.net/u/
tradingview.com/
tripadvisor.com/members/
unsplash.com/@
venmo.com/
repl.it/@
reverbnation.com/
trakt.tv/users/
quora.com/profile/
roblox.com/user.aspx?username=
producthunt.com/@
open.spotify.com/user/
robertsspaceindustries.com/citizens/
slideshare.net/
bitbucket.org/
coderwall.com/
colourlovers.com/lover/
coroflot.com/
dailymotion.com/
hackerone.com/
gumroad.com/
instructables.com/member/
hubpages.com/@
house-mixes.com/profile/
en.gravatar.com/
behance.net/
independent.academia.edu/
angel.co/
weheartit.com/
pornhub.com/users/
kickstarter.com/profile/
xvideos.es/profiles/
xhamster.com/users/
redtube.com/users/
planetminecraft.com/member/
en.wikipedia.org/wiki/User:
livejasmin.com/en/
github.com/
ultimate-guitar.com/u/
xboxgamertag.com/search/
api.faceit.com/core/v1/nicknames/
tellonym.me/